Using a slow image processor as `use_fast` is unset and a slow processor was saved with this model. `use_fast=True` will be the default behavior in v4.52, even if the model was saved with a slow processor. This will result in minor differences in outputs. You'll still be able to use a slow processor with `use_fast=False`.
Device set to use cuda:0
You seem to be using the pipelines sequentially on GPU. In order to maximize efficiency please use a dataset
Loading COLMAP sparse model...
  13 camera(s), 13 registered image(s), 7712 sparse 3D points

Loading Depth Anything V2...
  Device: cuda

Processing pano_003_right.jpg...
  Calibration: true_depth = 1.3962 * rel_depth + 1.6828
  Generated 49,152 3D points

Processing pano_003_left.jpg...
  Calibration: true_depth = 3.3448 * rel_depth + 249.5363
  Generated 49,152 3D points

Processing pano_003_center.jpg...
  Calibration: true_depth = -1.6257 * rel_depth + 2.6733
  [WARN] Negative/zero scale factor — calibration may be unreliable
  Generated 49,152 3D points

Processing pano_002_right.jpg...
  Calibration: true_depth = -0.9169 * rel_depth + 1.6568
  [WARN] Negative/zero scale factor — calibration may be unreliable
  Generated 49,152 3D points

Processing pano_002_left.jpg...
  Calibration: true_depth = 0.0809 * rel_depth + 15.3969
  Generated 49,152 3D points

Processing pano_002_center.jpg...
  Calibration: true_depth = 0.8381 * rel_depth + 1.8864
  Generated 49,152 3D points

Processing pano_001_right.jpg...
  Calibration: true_depth = -0.3739 * rel_depth + 1.0900
  [WARN] Negative/zero scale factor — calibration may be unreliable
  Generated 49,152 3D points

Processing pano_001_left.jpg...
  Calibration: true_depth = -0.2969 * rel_depth + 6.9340
  [WARN] Negative/zero scale factor — calibration may be unreliable
  Generated 49,152 3D points

Processing pano_001_center.jpg...
  Calibration: true_depth = 0.1072 * rel_depth + 0.5181
  Generated 49,152 3D points

Processing pano_000_right.jpg...
  Calibration: true_depth = -0.2853 * rel_depth + 0.5449
  [WARN] Negative/zero scale factor — calibration may be unreliable
  Generated 49,152 3D points

Processing pano_000_left.jpg...
  Calibration: true_depth = -0.2066 * rel_depth + 0.3143
  [WARN] Negative/zero scale factor — calibration may be unreliable
  Generated 49,152 3D points

Processing pano_004_left.jpg...
  Calibration: true_depth = 0.9178 * rel_depth + 6.3032
  Generated 49,152 3D points

Processing pano_000_center.jpg...
  Calibration: true_depth = -0.0754 * rel_depth + 0.4636
  [WARN] Negative/zero scale factor — calibration may be unreliable
  Generated 49,152 3D points

Writing 638,976 total points to colmap_workspace/dense_depth/dense_from_depth.ply...

====================================================
  Done! Dense point cloud (from depth) saved to:
  colmap_workspace/dense_depth/dense_from_depth.ply

  Next step — clean up with open3d:
    python open3d_postprocess.py --input colmap_workspace/dense_depth/dense_from_depth.ply
====================================================
